Building for debugging...
[Computing dependencies]
[1 / 3] BlockEditorCore
[2 / 7] BlockEditorAppleTests-product
[4 / 9] BlockEditorAppleTests-product
[9 / 13] BlockEditorAppleTests-product
Build complete! (1.73 sec)
◇ Test run started.
↳ Testing Library Version: 2084
↳ Target Platform: arm64e-apple-macos14.0
◇ Suite ModernNativeInputTests started.
◇ Suite ModernHostStoreTests started.
◇ Test commandFocusUsesOriginalWindowAndIntentionalBlurCancelsDelayedTransfer() started.
◇ Test staleWriterAndInvalidDraftCannotReplaceTheDurablePair() started.
◇ Test nativeCompositionPairsOriginalBufferAndPreservesPeerAndRichAtomsThroughUndo() started.
◇ Test conflictingRecoveryReopensAcceptedStateAndCanBeExplicitlyRepaired() started.
◇ Test diskReopenPairsHistoryCaretProvidersHeldPeerAndOriginalDraft() started.
✔ Test diskReopenPairsHistoryCaretProvidersHeldPeerAndOriginalDraft() passed after 0.250 seconds.
✔ Test conflictingRecoveryReopensAcceptedStateAndCanBeExplicitlyRepaired() passed after 0.270 seconds.
✔ Test staleWriterAndInvalidDraftCannotReplaceTheDurablePair() passed after 0.287 seconds.
✔ Suite ModernHostStoreTests passed after 0.287 seconds.
✔ Test nativeCompositionPairsOriginalBufferAndPreservesPeerAndRichAtomsThroughUndo() passed after 0.302 seconds.
✔ Test commandFocusUsesOriginalWindowAndIntentionalBlurCancelsDelayedTransfer() passed after 0.438 seconds.
✔ Suite ModernNativeInputTests passed after 0.438 seconds.
✔ Test run with 5 tests in 2 suites passed after 0.438 seconds.
