Building for debugging...
[Provisioning 1 / 21]
[2 / 46] BlockEditorCore
[4 / 48] BlockEditorCore
[18 / 62] BlockEditorCore
/Users/luca/Developer/block-editor/Sources/BlockEditorCore/ModernBridgeEndpoint.swift:117:26: warning: no calls to throwing functions occur within 'try' expression [#UnnecessaryEffectMarker]
115 |                     selection: JSONValue? = nil, focusIntent: ModernFocusIntent? = nil,
116 |                     selectionIntent: ModernSelectionIntent? = nil, reason: String? = nil) throws -> JSONValue {
117 |             var fields = try snapshot(session).object!
    |                          `- warning: no calls to throwing functions occur within 'try' expression [#UnnecessaryEffectMarker]
118 |             fields["status"] = .string(status); fields["transaction"] = try transaction.map(encode) ?? .null
119 |             fields["focus"] = try position.map(encode) ?? .null

[#UnnecessaryEffectMarker]: <https://docs.swift.org/compiler/documentation/diagnostics/unnecessary-effect-marker>
/Users/luca/Developer/block-editor/Sources/BlockEditorCore/Bridge.swift:264:41: warning: no calls to throwing functions occur within 'try' expression [#UnnecessaryEffectMarker]
262 |             let position = try session.mergeParagraphs(left: decode(input["left"], as: NodeID.self), right: decode(input["right"], as: NodeID.self))
263 |             return .object(["snapshot": try writingSnapshot(session), "position": try encode(position)])
264 |         case "markdown": return .string(try Markdown.serialize(session.document))
    |                                         `- warning: no calls to throwing functions occur within 'try' expression [#UnnecessaryEffectMarker]
265 |         default: throw EditorError.invalidChange
266 |         }

[#UnnecessaryEffectMarker]: <https://docs.swift.org/compiler/documentation/diagnostics/unnecessary-effect-marker>
[28 / 76] BlockEditorCore
[40 / 84] collaborative-editor-product
[51 / 92] BlockEditorLocalDemo
[53 / 92] BlockEditorApple
[57 / 95] BlockEditorDemoApple
[59 / 97] BlockEditorDemoApple
[61 / 97] BlockEditorDemoApple
[62 / 97] BlockEditorCore
[79 / 93] local-editor-product
[101 / 132] BlockEditorAppleTests-product
[105 / 132] BlockEditorLocalDemoTests-product
[106 / 135] BlockEditorLocalDemoTests-product
[108 / 135] local-editor-app-product
[110 / 135] BlockEditorCoreTests-product
[112 / 135] BlockEditorCoreTests-product
/Users/luca/Developer/block-editor/tests/BlockEditorCoreTests/CompatibilityTests.swift:64:41: warning: '#require(_:_:)' is redundant because 'captured[name]' never equals 'nil' (from macro 'require')
 62 |         for (key, source) in step["bindings"]?.object ?? [:] {
 63 |             let name = try #require(source.string)
 64 |             request[key] = try #require(captured[name])
    |                                         `- warning: '#require(_:_:)' is redundant because 'captured[name]' never equals 'nil' (from macro 'require')
 65 |         }
 66 |         let response = try JSONDecoder().decode(JSONValue.self, from: bridge.call(JSONEncoder().encode(JSONValue.object(request))))

/Users/luca/Developer/block-editor/tests/BlockEditorCoreTests/CompatibilityTests.swift:96:41: warning: '#require(_:_:)' is redundant because 'root.value(at: Array(path.dropFirst()))' never equals 'nil' (from macro 'require')
 94 |             let name = try #require(path.first)
 95 |             let root = try #require(captured[name])
 96 |             request[key] = try #require(root.value(at: Array(path.dropFirst())))
    |                                         `- warning: '#require(_:_:)' is redundant because 'root.value(at: Array(path.dropFirst()))' never equals 'nil' (from macro 'require')
 97 |         }
 98 |         let response = try JSONDecoder().decode(JSONValue.self, from: bridge.call(JSONEncoder().encode(JSONValue.object(request))))

/Users/luca/Developer/block-editor/tests/BlockEditorCoreTests/CompatibilityTests.swift:101:83: warning: '#require(_:_:)' is redundant because 'response["recovery"]' never equals 'nil' (from macro 'require')
 99 |         if let error = step["error"] {
100 |             #expect(response["ok"] == .bool(false)); #expect(response["error"] == error)
101 |             if let name = step["capture"]?.string { captured[name] = try #require(response["recovery"]) }
    |                                                                                   `- warning: '#require(_:_:)' is redundant because 'response["recovery"]' never equals 'nil' (from macro 'require')
102 |         } else {
103 |             #expect(response["ok"] == .bool(true), "\(response)")

/Users/luca/Developer/block-editor/tests/BlockEditorCoreTests/CompatibilityTests.swift:104:83: warning: '#require(_:_:)' is redundant because 'response["value"]' never equals 'nil' (from macro 'require')
102 |         } else {
103 |             #expect(response["ok"] == .bool(true), "\(response)")
104 |             if let name = step["capture"]?.string { captured[name] = try #require(response["value"]) }
    |                                                                                   `- warning: '#require(_:_:)' is redundant because 'response["value"]' never equals 'nil' (from macro 'require')
105 |         }
106 |     }
[114 / 135] BlockEditorCoreTests-product
[116 / 135] BlockEditorAppleTests-product
[118 / 135] BlockEditorAppleTests-product
[121 / 135] BlockEditorAppleTests-product
[123 / 135] BlockEditorAppleTests-product
[125 / 135] BlockEditorAppleTests-product
[126 / 135] BlockEditorAppleTests-product
[126 / 136] BlockEditorLocalDemoTests-product
[128 / 137] BlockEditorCoreTests-product
[128 / 137] BlockEditorAppleTests-product
macro expansion #expect:2:7: warning: result of call to 'contains' is unused [#NoUsage]
`- /Users/luca/Developer/block-editor/tests/BlockEditorAppleTests/WritingNativeClipboardTests.swift:43:87: note: expanded code originates here
 41 |     #expect(view.string == "A東京X😀TASKBR")
 42 |     #expect(view.selectedRange() == NSRange(location: 10, length: 0))
 43 |     #expect((a.document.blocks[0].fields["content"]?.array ?? []).contains(reference))
    |     `- note: in expansion of macro 'expect' here
    +--- macro expansion #expect ---------------------------------------
    |1 | Testing.__checkFunctionCall((a.document.blocks[0].fields["content"]?.array ?? []).self,calling: {
    |2 |   $0?.contains($1)
    |  |       `- warning: result of call to 'contains' is unused [#NoUsage]
    |3 | },reference,expression: .__fromFunctionCall(.__fromSyntaxNode(#"(a.document.blocks[0].fields["content"]?.array ?? [])"#),"contains",(nil,.__fromSyntaxNode("reference"))),comments: [],isRequired: false,sourceLocation: Testing.SourceLocation.__here()).__expected()
    +-------------------------------------------------------------------
 44 |     #expect((a.document.blocks[0].fields["content"]?.array ?? []).contains { $0["text"] == .string("X😀") && $0["marks"] == .array([.object(["type": .string("italic")])]) })
 45 |     try b.receive(a.changes()); #expect(a.document == b.document)

macro expansion #expect:1:76: warning: left side of nil coalescing operator '??' has non-optional type '[JSONValue]?', so the right side is never used
`- /Users/luca/Developer/block-editor/tests/BlockEditorAppleTests/WritingNativeClipboardTests.swift:43:87: note: expanded code originates here
 41 |     #expect(view.string == "A東京X😀TASKBR")
 42 |     #expect(view.selectedRange() == NSRange(location: 10, length: 0))
 43 |     #expect((a.document.blocks[0].fields["content"]?.array ?? []).contains(reference))
    |     `- note: in expansion of macro 'expect' here
    +--- macro expansion #expect ---------------------------------------
    |1 | Testing.__checkFunctionCall((a.document.blocks[0].fields["content"]?.array ?? []).self,calling: {
    |  |                                                                            `- warning: left side of nil coalescing operator '??' has non-optional type '[JSONValue]?', so the right side is never used
    |2 |   $0?.contains($1)
    |3 | },reference,expression: .__fromFunctionCall(.__fromSyntaxNode(#"(a.document.blocks[0].fields["content"]?.array ?? [])"#),"contains",(nil,.__fromSyntaxNode("reference"))),comments: [],isRequired: false,sourceLocation: Testing.SourceLocation.__here()).__expected()
    +-------------------------------------------------------------------
 44 |     #expect((a.document.blocks[0].fields["content"]?.array ?? []).contains { $0["text"] == .string("X😀") && $0["marks"] == .array([.object(["type": .string("italic")])]) })
 45 |     try b.receive(a.changes()); #expect(a.document == b.document)

[#NoUsage]: <https://docs.swift.org/compiler/documentation/diagnostics/no-usage>
[132 / 139] BlockEditorCoreTests-product
[132 / 139] BlockEditorAppleTests-product
[134 / 140] BlockEditorCoreTests-product
[138 / 140] BlockEditorCoreTests-product
[143 / 143] block-editor-wasm-product
[153 / 153] local-editor-app-product
Build complete! (12.69 sec)
◇ Test run started.
↳ Testing Library Version: 2084
↳ Target Platform: arm64e-apple-macos14.0
◇ Test retainedPasteAcceptsObservedRoleSourceAndRejectsErasedRoleCohort(actor:) started.
◇ Test case passing 1 argument actor → "a" to retainedPasteAcceptsObservedRoleSourceAndRejectsErasedRoleCohort(actor:) started.
◇ Test case passing 1 argument actor → "z" to retainedPasteAcceptsObservedRoleSourceAndRejectsErasedRoleCohort(actor:) started.
✔ Test retainedPasteAcceptsObservedRoleSourceAndRejectsErasedRoleCohort(actor:) with 2 test cases passed after 0.085 seconds.
✔ Test run with 1 test in 0 suites passed after 0.085 seconds.
