INSTRUMENTATION_STATUS: class=studio.seventwo.blockeditor.ModernSessionTest
INSTRUMENTATION_STATUS: current=1
INSTRUMENTATION_STATUS: id=AndroidJUnitRunner
INSTRUMENTATION_STATUS: numtests=2
INSTRUMENTATION_STATUS: stream=
studio.seventwo.blockeditor.ModernSessionTest:
INSTRUMENTATION_STATUS: test=modernTypedConsumerRetainsPeerInputArchivesAndExplicitHostBoundaries
INSTRUMENTATION_STATUS_CODE: 1
INSTRUMENTATION_STATUS: class=studio.seventwo.blockeditor.ModernSessionTest
INSTRUMENTATION_STATUS: current=1
INSTRUMENTATION_STATUS: id=AndroidJUnitRunner
INSTRUMENTATION_STATUS: numtests=2
INSTRUMENTATION_STATUS: stream=.
INSTRUMENTATION_STATUS: test=modernTypedConsumerRetainsPeerInputArchivesAndExplicitHostBoundaries
INSTRUMENTATION_STATUS_CODE: 0
INSTRUMENTATION_STATUS: class=studio.seventwo.blockeditor.ModernEditorComposeTest
INSTRUMENTATION_STATUS: current=2
INSTRUMENTATION_STATUS: id=AndroidJUnitRunner
INSTRUMENTATION_STATUS: numtests=2
INSTRUMENTATION_STATUS: stream=
studio.seventwo.blockeditor.ModernEditorComposeTest:
INSTRUMENTATION_STATUS: test=modernNativeTypingAndHistoryReopenThroughActualJni
INSTRUMENTATION_STATUS_CODE: 1
INSTRUMENTATION_STATUS: class=studio.seventwo.blockeditor.ModernEditorComposeTest
INSTRUMENTATION_STATUS: current=2
INSTRUMENTATION_STATUS: id=AndroidJUnitRunner
INSTRUMENTATION_STATUS: numtests=2
INSTRUMENTATION_STATUS: stream=.
INSTRUMENTATION_STATUS: test=modernNativeTypingAndHistoryReopenThroughActualJni
INSTRUMENTATION_STATUS_CODE: 0
INSTRUMENTATION_RESULT: stream=

Time: 2.378

OK (2 tests)


INSTRUMENTATION_CODE: -1
