Building for debugging...
[Computing dependencies]
[1 / 2] BlockEditorCore
[2 / 16] BlockEditorApple
[4 / 18] BlockEditorApple
[12 / 26] BlockEditorApple
[14 / 26] BlockEditorDemoApple
[18 / 31] BlockEditorAppleTests-product
[29 / 45] BlockEditorAppleTests-product
[32 / 45] BlockEditorDemoApple
[37 / 46] local-editor-app-product
[42 / 48] BlockEditorAppleTests-product
[45 / 48] BlockEditorAppleTests-product
macro expansion #expect:2:7: warning: result of call to 'contains' is unused [#NoUsage]
`- /Users/luca/Developer/block-editor/tests/BlockEditorAppleTests/WritingNativeClipboardTests.swift:43:87: note: expanded code originates here
 41 |     #expect(view.string == "A東京X😀TASKBR")
 42 |     #expect(view.selectedRange() == NSRange(location: 10, length: 0))
 43 |     #expect((a.document.blocks[0].fields["content"]?.array ?? []).contains(reference))
    |     `- note: in expansion of macro 'expect' here
    +--- macro expansion #expect ---------------------------------------
    |1 | Testing.__checkFunctionCall((a.document.blocks[0].fields["content"]?.array ?? []).self,calling: {
    |2 |   $0?.contains($1)
    |  |       `- warning: result of call to 'contains' is unused [#NoUsage]
    |3 | },reference,expression: .__fromFunctionCall(.__fromSyntaxNode(#"(a.document.blocks[0].fields["content"]?.array ?? [])"#),"contains",(nil,.__fromSyntaxNode("reference"))),comments: [],isRequired: false,sourceLocation: Testing.SourceLocation.__here()).__expected()
    +-------------------------------------------------------------------
 44 |     #expect((a.document.blocks[0].fields["content"]?.array ?? []).contains { $0["text"] == .string("X😀") && $0["marks"] == .array([.object(["type": .string("italic")])]) })
 45 |     try b.receive(a.changes()); #expect(a.document == b.document)

macro expansion #expect:1:76: warning: left side of nil coalescing operator '??' has non-optional type '[JSONValue]?', so the right side is never used
`- /Users/luca/Developer/block-editor/tests/BlockEditorAppleTests/WritingNativeClipboardTests.swift:43:87: note: expanded code originates here
 41 |     #expect(view.string == "A東京X😀TASKBR")
 42 |     #expect(view.selectedRange() == NSRange(location: 10, length: 0))
 43 |     #expect((a.document.blocks[0].fields["content"]?.array ?? []).contains(reference))
    |     `- note: in expansion of macro 'expect' here
    +--- macro expansion #expect ---------------------------------------
    |1 | Testing.__checkFunctionCall((a.document.blocks[0].fields["content"]?.array ?? []).self,calling: {
    |  |                                                                            `- warning: left side of nil coalescing operator '??' has non-optional type '[JSONValue]?', so the right side is never used
    |2 |   $0?.contains($1)
    |3 | },reference,expression: .__fromFunctionCall(.__fromSyntaxNode(#"(a.document.blocks[0].fields["content"]?.array ?? [])"#),"contains",(nil,.__fromSyntaxNode("reference"))),comments: [],isRequired: false,sourceLocation: Testing.SourceLocation.__here()).__expected()
    +-------------------------------------------------------------------
 44 |     #expect((a.document.blocks[0].fields["content"]?.array ?? []).contains { $0["text"] == .string("X😀") && $0["marks"] == .array([.object(["type": .string("italic")])]) })
 45 |     try b.receive(a.changes()); #expect(a.document == b.document)

[#NoUsage]: <https://docs.swift.org/compiler/documentation/diagnostics/no-usage>
[45 / 48] local-editor-app-product
[45 / 48] BlockEditorAppleTests-product
[47 / 51] BlockEditorAppleTests-product
Build complete! (3.27 sec)
◇ Test run started.
↳ Testing Library Version: 2084
↳ Target Platform: arm64e-apple-macos14.0
◇ Suite ModernHostStoreTests started.
◇ Test staleWriterAndInvalidDraftCannotReplaceTheDurablePair() started.
◇ Test diskReopenPairsHistoryCaretProvidersHeldPeerAndOriginalDraft() started.
◇ Test conflictingRecoveryReopensAcceptedStateAndCanBeExplicitlyRepaired() started.
✔ Test diskReopenPairsHistoryCaretProvidersHeldPeerAndOriginalDraft() passed after 0.043 seconds.
✘ Test conflictingRecoveryReopensAcceptedStateAndCanBeExplicitlyRepaired() recorded an issue at ModernHostStoreTests.swift:73:9: Expectation failed: reopened.session.document.blocks.last?.text == "Peer"
↳ reopened.session.document.blocks.last?.text == "Peer" → false
↳   reopened.session.document.blocks.last?.text → ""
↳     some → ""
↳     some → "Peer"
✘ Test conflictingRecoveryReopensAcceptedStateAndCanBeExplicitlyRepaired() failed after 0.058 seconds with 1 issue.
✔ Test staleWriterAndInvalidDraftCannotReplaceTheDurablePair() passed after 0.071 seconds.
✘ Suite ModernHostStoreTests failed after 0.071 seconds with 1 issue.
✘ Test run with 3 tests in 1 suite failed after 0.071 seconds with 1 issue.
Note: Some test targets reported failures:
  - BlockEditorAppleTests (Swift Testing)
