Building for debugging...
[Computing dependencies]
[Pre-planning 1 / 589]
[Planning deferred tasks]
[1 / 2] BlockEditorCore
[13 / 41] BlockEditorApple
error: SwiftCompile normal arm64 /Users/luca/Developer/block-editor/Sources/BlockEditorApple/ModernNativeClipboard.swift failed with a nonzero exit code. Command line:     cd /Users/luca/Developer
    builtin-SwiftPerFileCompile ModernNativeClipboard.swift
/Users/luca/Developer/block-editor/Sources/BlockEditorApple/ModernNativeClipboard.swift:112:30: error: main actor-isolated property 'window' can not be referenced from a nonisolated context
110 |         init(_ preparation: ModernCutPreparation, generation: UInt64, source: ModernInputController?) {
111 |             self.preparation = preparation; self.generation = generation; self.source = source
112 |             window = source?.window; hasSource = source != nil; permitted = source?.permitsFocusTransfer
    |                              `- error: main actor-isolated property 'window' can not be referenced from a nonisolated context
113 |         }
114 |     }

/Users/luca/Developer/block-editor/Sources/BlockEditorApple/ModernInputController.swift:13:21: note: property declared here
 11 |     public private(set) var composing = false
 12 |     public private(set) var pendingInput: ModernPendingInput?
 13 |     public weak var window: AnyObject? { didSet { host?.scheduleFocus() } }
    |                     `- note: property declared here
 14 |     /// True only while this control, or its detached lease, still owns focus in
 15 |     /// that window. An intentional responder choice must return false.

/Users/luca/Developer/block-editor/Sources/BlockEditorApple/ModernNativeClipboard.swift:112:85: error: main actor-isolated property 'permitsFocusTransfer' can not be referenced from a nonisolated context
110 |         init(_ preparation: ModernCutPreparation, generation: UInt64, source: ModernInputController?) {
111 |             self.preparation = preparation; self.generation = generation; self.source = source
112 |             window = source?.window; hasSource = source != nil; permitted = source?.permitsFocusTransfer
    |                                                                                     `- error: main actor-isolated property 'permitsFocusTransfer' can not be referenced from a nonisolated context
113 |         }
114 |     }

/Users/luca/Developer/block-editor/Sources/BlockEditorApple/ModernInputController.swift:16:16: note: property declared here
 14 |     /// True only while this control, or its detached lease, still owns focus in
 15 |     /// that window. An intentional responder choice must return false.
 16 |     public var permitsFocusTransfer: (() -> Bool)?
    |                `- note: property declared here
 17 |     public var applyNativeFocus: ((NSRange) -> Bool)?
 18 |     public var onProjection: (() -> Void)?
Failed frontend command:
/Applications/Xcode.app/Contents/Developer/Toolchains/XcodeDefault.xctoolchain/usr/bin/swift-frontend -frontend -c /Users/luca/Developer/block-editor/Sources/BlockEditorApple/BlockEditorView.swift /Users/luca/Developer/block-editor/Sources/BlockEditorApple/CollaborativeInput.swift /Users/luca/Developer/block-editor/Sources/BlockEditorApple/EditorModel.swift /Users/luca/Developer/block-editor/Sources/BlockEditorApple/MacTextInput.swift /Users/luca/Developer/block-editor/Sources/BlockEditorApple/ModernEditorModel.swift /Users/luca/Developer/block-editor/Sources/BlockEditorApple/ModernHostStore.swift /Users/luca/Developer/block-editor/Sources/BlockEditorApple/ModernInputController.swift -primary-file /Users/luca/Developer/block-editor/Sources/BlockEditorApple/ModernNativeClipboard.swift /Users/luca/Developer/block-editor/Sources/BlockEditorApple/ModernTextInput.swift /Users/luca/Developer/block-editor/Sources/BlockEditorApple/NativeAttributedText.swift /Users/luca/Developer/block-editor/Sources/BlockEditorApple/NativeAuthoring.swift /Users/luca/Developer/block-editor/Sources/BlockEditorApple/NativeAuthoringControls.swift /Users/luca/Developer/block-editor/Sources/BlockEditorApple/NativeBlockContent.swift /Users/luca/Developer/block-editor/Sources/BlockEditorApple/PlatformTextDraft.swift /Users/luca/Developer/block-editor/Sources/BlockEditorApple/PlatformTextField.swift /Users/luca/Developer/block-editor/Sources/BlockEditorApple/UIKitTextInput.swift /Users/luca/Developer/block-editor/Sources/BlockEditorApple/WritingBlockEditorView.swift /Users/luca/Developer/block-editor/Sources/BlockEditorApple/WritingCollaborativeInput.swift /Users/luca/Developer/block-editor/Sources/BlockEditorApple/WritingEditorModel.swift /Users/luca/Developer/block-editor/Sources/BlockEditorApple/WritingMacTextInput.swift /Users/luca/Developer/block-editor/Sources/BlockEditorApple/WritingNativeClipboard.swift /Users/luca/Developer/block-editor/Sources/BlockEditorApple/WritingNativeFocus.swift /Users/luca/Developer/block-editor/Sources/BlockEditorApple/WritingPlatformTextField.swift /Users/luca/Developer/block-editor/Sources/BlockEditorApple/WritingRenderedOrigin.swift /Users/luca/Developer/block-editor/Sources/BlockEditorApple/WritingUIKitTextInput.swift -emit-dependencies-path /Users/luca/Developer/block-editor/.build/out/Intermediates.noindex/BlockEditor.build/Debug/BlockEditorApple-t.build/Objects-normal/arm64/ModernNativeClipboard.d -emit-const-values-path /Users/luca/Developer/block-editor/.build/out/Intermediates.noindex/BlockEditor.build/Debug/BlockEditorApple-t.build/Objects-normal/arm64/ModernNativeClipboard.swiftconstvalues -emit-reference-dependencies-path /Users/luca/Developer/block-editor/.build/out/Intermediates.noindex/BlockEditor.build/Debug/BlockEditorApple-t.build/Objects-normal/arm64/ModernNativeClipboard.swiftdeps -serialize-diagnostics-path /Users/luca/Developer/block-editor/.build/out/Intermediates.noindex/BlockEditor.build/Debug/BlockEditorApple-t.build/Objects-normal/arm64/ModernNativeClipboard.dia -target arm64-apple-macos26.0 -module-can-import-version Darwin 428.0.10 0 -module-can-import-version SwiftUI 8.0.84.1 8.0.84 -disable-cross-import-overlay-search -swift-module-cross-import Darwin /Applications/Xcode.app/Contents/Developer/Platforms/MacOSX.platform/Developer/SDKs/MacOSX.sdk/usr/include/Darwin.swiftcrossimport/xlocale.swiftoverlay -load-resolved-plugin /Applications/Xcode.app/Contents/Developer/Platforms/MacOSX.platform/Developer/usr/lib/swift/host/plugins/libFoundationMacros.dylib\#/Applications/Xcode.app/Contents/Developer/Platforms/MacOSX.platform/Developer/usr/bin/swift-plugin-server\#FoundationMacros -load-resolved-plugin /Applications/Xcode.app/Contents/Developer/Platforms/MacOSX.platform/Developer/usr/lib/swift/host/plugins/libObservationMacros.dylib\#/Applications/Xcode.app/Contents/Developer/Platforms/MacOSX.platform/Developer/usr/bin/swift-plugin-server\#ObservationMacros -load-resolved-plugin /Applications/Xcode.app/Contents/Developer/Platforms/MacOSX.platform/Developer/usr/lib/swift/host/plugins/libPreviewsMacros.dylib\#/Applications/Xcode.app/Contents/Developer/Platforms/MacOSX.platform/Developer/usr/bin/swift-plugin-server\#PreviewsMacros -load-resolved-plugin /Applications/Xcode.app/Contents/Developer/Platforms/MacOSX.platform/Developer/usr/lib/swift/host/plugins/libSwiftMacros.dylib\#/Applications/Xcode.app/Contents/Developer/Platforms/MacOSX.platform/Developer/usr/bin/swift-plugin-server\#SwiftMacros -load-resolved-plugin /Applications/Xcode.app/Contents/Developer/Platforms/MacOSX.platform/Developer/usr/lib/swift/host/plugins/libSwiftUIMacros.dylib\#/Applications/Xcode.app/Contents/Developer/Platforms/MacOSX.platform/Developer/usr/bin/swift-plugin-server\#SwiftUIMacros -disable-implicit-swift-modules -Xcc -fno-implicit-modules -Xcc -fno-implicit-module-maps -explicit-swift-module-map-file /Users/luca/Developer/block-editor/.build/out/Intermediates.noindex/BlockEditor.build/Debug/BlockEditorApple-t.build/Objects-normal/arm64/BlockEditorApple-dependencies-1.json -Xllvm -aarch64-use-tbi -enable-objc-interop -stack-check -sdk /Applications/Xcode.app/Contents/Developer/Platforms/MacOSX.platform/Developer/SDKs/MacOSX27.0.sdk -I /Users/luca/Developer/block-editor/.build/out/Products/Debug -Isystem /Applications/Xcode.app/Contents/Developer/Platforms/MacOSX.platform/Developer/usr/lib -F /Users/luca/Developer/block-editor/.build/out/Products/Debug/PackageFrameworks -F /Users/luca/Developer/block-editor/.build/out/Products/Debug -F /Applications/Xcode.app/Contents/Developer/Platforms/MacOSX.platform/Developer/Library/Frameworks -module-cache-path /Users/luca/Developer/block-editor/.build/out/Intermediates.noindex/SwiftExplicitPrecompiledModules -no-color-diagnostics -Xcc -fno-color-diagnostics -enable-testing -g -debug-info-format\=dwarf -dwarf-version\=5 -swift-version 6 -Onone -D SWIFT_PACKAGE -D DEBUG -D SWIFT_MODULE_RESOURCE_BUNDLE_UNAVAILABLE -D Xcode -serialize-debugging-options -enable-experimental-feature DebugDescriptionMacro -empty-abi-descriptor -validate-clang-modules-once -clang-build-session-file /Users/luca/Developer/block-editor/.build/out/ModuleCache.noindex/Session.modulevalidation -Xcc -working-directory -Xcc /Users/luca/Developer -enable-anonymous-context-mangled-names -file-compilation-dir /Users/luca/Developer -Xcc -D_LIBCPP_HARDENING_MODE\=_LIBCPP_HARDENING_MODE_DEBUG -Xcc -ivfsstatcache -Xcc /Users/luca/Developer/block-editor/.build/out/SDKStatCaches.noindex/macosx27.0-26A425-80c5bbf1d171475443272936d42f90a37231f6df4def33e022ae2eb8f782df1a.sdkstatcache -Xcc -fmodules-prune-interval\=86400 -Xcc -fmodules-prune-after\=345600 -Xcc -I/Users/luca/Developer/block-editor/.build/out/Products/Debug/include -Xcc -I/Users/luca/Developer/block-editor/.build/out/Intermediates.noindex/BlockEditor.build/Debug/BlockEditorApple-t.build/DerivedSources-normal/arm64 -Xcc -I/Users/luca/Developer/block-editor/.build/out/Intermediates.noindex/BlockEditor.build/Debug/BlockEditorApple-t.build/DerivedSources/arm64 -Xcc -I/Users/luca/Developer/block-editor/.build/out/Intermediates.noindex/BlockEditor.build/Debug/BlockEditorApple-t.build/DerivedSources -Xcc -DSWIFT_PACKAGE -Xcc -DDEBUG\=1 -no-auto-bridging-header-chaining -module-name BlockEditorApple -package-name block_editor -const-gather-protocols-file /Users/luca/Developer/block-editor/.build/out/Intermediates.noindex/BlockEditor.build/Debug/BlockEditorApple-t.build/Objects-normal/arm64/BlockEditorApple_const_extract_protocols.json -disable-clang-spi -clang-target arm64-apple-macos27.0 -target-sdk-version 27.0 -target-sdk-name macosx27.0 -in-process-plugin-server-path /Applications/Xcode.app/Contents/Developer/Toolchains/XcodeDefault.xctoolchain/usr/lib/swift/host/libSwiftInProcPluginServer.dylib -parse-as-library -o /Users/luca/Developer/block-editor/.build/out/Intermediates.noindex/BlockEditor.build/Debug/BlockEditorApple-t.build/Objects-normal/arm64/ModernNativeClipboard.o -debug-module-path /Users/luca/Developer/block-editor/.build/out/Intermediates.noindex/BlockEditor.build/Debug/BlockEditorApple-t.build/Objects-normal/arm64/BlockEditorApple.swiftmodule -index-unit-output-path /BlockEditor.build/Debug/BlockEditorApple-t.build/Objects-normal/arm64/ModernNativeClipboard.o -index-store-path /Users/luca/Developer/block-editor/.build/out -index-system-modules
error: Build failed
error: fatalError
