Building for debugging...
[Provisioning 6 / 21]
[Planning 336 / 589]
[Finalizing plan]
[5 / 50] BlockEditorCore
[9 / 54] BlockEditorCore
[10 / 55] BlockEditorCore
/Users/luca/Developer/block-editor/Sources/BlockEditorCore/Bridge.swift:264:41: warning: no calls to throwing functions occur within 'try' expression [#UnnecessaryEffectMarker]
262 |             let position = try session.mergeParagraphs(left: decode(input["left"], as: NodeID.self), right: decode(input["right"], as: NodeID.self))
263 |             return .object(["snapshot": try writingSnapshot(session), "position": try encode(position)])
264 |         case "markdown": return .string(try Markdown.serialize(session.document))
    |                                         `- warning: no calls to throwing functions occur within 'try' expression [#UnnecessaryEffectMarker]
265 |         default: throw EditorError.invalidChange
266 |         }

[#UnnecessaryEffectMarker]: <https://docs.swift.org/compiler/documentation/diagnostics/unnecessary-effect-marker>
[11 / 56] BlockEditorCore
/Users/luca/Developer/block-editor/Sources/BlockEditorCore/ModernBridgeEndpoint.swift:117:26: warning: no calls to throwing functions occur within 'try' expression [#UnnecessaryEffectMarker]
115 |                     selection: JSONValue? = nil, focusIntent: ModernFocusIntent? = nil,
116 |                     selectionIntent: ModernSelectionIntent? = nil, reason: String? = nil) throws -> JSONValue {
117 |             var fields = try snapshot(session).object!
    |                          `- warning: no calls to throwing functions occur within 'try' expression [#UnnecessaryEffectMarker]
118 |             fields["status"] = .string(status); fields["transaction"] = try transaction.map(encode) ?? .null
119 |             fields["focus"] = try position.map(encode) ?? .null

[#UnnecessaryEffectMarker]: <https://docs.swift.org/compiler/documentation/diagnostics/unnecessary-effect-marker>
[28 / 72] collaborative-editor-product
[40 / 84] BlockEditorABI
[61 / 117] relay-client-product
[63 / 119] local-editor-product
[70 / 122] collaborative-editor-product
[71 / 122] BlockEditorApple
[74 / 122] BlockEditorCoreTests-product
[77 / 122] BlockEditorCoreTests-product
[79 / 122] BlockEditorApple
[81 / 122] BlockEditorApple
[83 / 122] BlockEditorApple
[87 / 125] BlockEditorApple
[89 / 125] BlockEditorApple
[92 / 129] BlockEditorDemoApple
/Users/luca/Developer/block-editor/tests/BlockEditorCoreTests/CompatibilityTests.swift:64:41: warning: '#require(_:_:)' is redundant because 'captured[name]' never equals 'nil' (from macro 'require')
 62 |         for (key, source) in step["bindings"]?.object ?? [:] {
 63 |             let name = try #require(source.string)
 64 |             request[key] = try #require(captured[name])
    |                                         `- warning: '#require(_:_:)' is redundant because 'captured[name]' never equals 'nil' (from macro 'require')
 65 |         }
 66 |         let response = try JSONDecoder().decode(JSONValue.self, from: bridge.call(JSONEncoder().encode(JSONValue.object(request))))

/Users/luca/Developer/block-editor/tests/BlockEditorCoreTests/CompatibilityTests.swift:96:41: warning: '#require(_:_:)' is redundant because 'root.value(at: Array(path.dropFirst()))' never equals 'nil' (from macro 'require')
 94 |             let name = try #require(path.first)
 95 |             let root = try #require(captured[name])
 96 |             request[key] = try #require(root.value(at: Array(path.dropFirst())))
    |                                         `- warning: '#require(_:_:)' is redundant because 'root.value(at: Array(path.dropFirst()))' never equals 'nil' (from macro 'require')
 97 |         }
 98 |         let response = try JSONDecoder().decode(JSONValue.self, from: bridge.call(JSONEncoder().encode(JSONValue.object(request))))

/Users/luca/Developer/block-editor/tests/BlockEditorCoreTests/CompatibilityTests.swift:101:83: warning: '#require(_:_:)' is redundant because 'response["recovery"]' never equals 'nil' (from macro 'require')
 99 |         if let error = step["error"] {
100 |             #expect(response["ok"] == .bool(false)); #expect(response["error"] == error)
101 |             if let name = step["capture"]?.string { captured[name] = try #require(response["recovery"]) }
    |                                                                                   `- warning: '#require(_:_:)' is redundant because 'response["recovery"]' never equals 'nil' (from macro 'require')
102 |         } else {
103 |             #expect(response["ok"] == .bool(true), "\(response)")

/Users/luca/Developer/block-editor/tests/BlockEditorCoreTests/CompatibilityTests.swift:104:83: warning: '#require(_:_:)' is redundant because 'response["value"]' never equals 'nil' (from macro 'require')
102 |         } else {
103 |             #expect(response["ok"] == .bool(true), "\(response)")
104 |             if let name = step["capture"]?.string { captured[name] = try #require(response["value"]) }
    |                                                                                   `- warning: '#require(_:_:)' is redundant because 'response["value"]' never equals 'nil' (from macro 'require')
105 |         }
106 |     }
[96 / 129] BlockEditorABI
[100 / 128] BlockEditorLocalDemoTests-product
[104 / 128] BlockEditorLocalDemo-product
[111 / 134] relay-client-product
[112 / 134] local-editor-app-product
[117 / 137] local-editor-app-product
/Users/luca/Developer/block-editor/Sources/BlockEditorApple/WritingBlockEditorView.swift:142:111: warning: converting non-Sendable function value to '@isolated(any) @Sendable (Bool) -> Void' may introduce data races
140 |                 HStack(alignment: .top) {
141 |                     if style == "todo" {
142 |                         Toggle("Completed", isOn: Binding(get: { item["checked"] == .bool(true) }, set: lease.checkedSetter())).labelsHidden()
    |                                                                                                               `- warning: converting non-Sendable function value to '@isolated(any) @Sendable (Bool) -> Void' may introduce data races
143 |                     } else { Text(style == "ordered" ? "\(index + 1)." : "•").accessibilityHidden(true) }
144 |                     WritingInputField(model: model, address: TextAddress(rootID, path: path + [item.selfID, "content"]), label: "List item")
[126 / 137] BlockEditorLocalDemoTests-product
[137 / 152] BlockEditorAppleTests-product
[139 / 153] BlockEditorCoreTests-product
[145 / 154] BlockEditorLocalDemoTests-product
[146 / 154] BlockEditorAppleTests-product
macro expansion #expect:2:7: warning: result of call to 'contains' is unused [#NoUsage]
`- /Users/luca/Developer/block-editor/tests/BlockEditorAppleTests/WritingNativeClipboardTests.swift:43:87: note: expanded code originates here
 41 |     #expect(view.string == "A東京X😀TASKBR")
 42 |     #expect(view.selectedRange() == NSRange(location: 10, length: 0))
 43 |     #expect((a.document.blocks[0].fields["content"]?.array ?? []).contains(reference))
    |     `- note: in expansion of macro 'expect' here
    +--- macro expansion #expect ---------------------------------------
    |1 | Testing.__checkFunctionCall((a.document.blocks[0].fields["content"]?.array ?? []).self,calling: {
    |2 |   $0?.contains($1)
    |  |       `- warning: result of call to 'contains' is unused [#NoUsage]
    |3 | },reference,expression: .__fromFunctionCall(.__fromSyntaxNode(#"(a.document.blocks[0].fields["content"]?.array ?? [])"#),"contains",(nil,.__fromSyntaxNode("reference"))),comments: [],isRequired: false,sourceLocation: Testing.SourceLocation.__here()).__expected()
    +-------------------------------------------------------------------
 44 |     #expect((a.document.blocks[0].fields["content"]?.array ?? []).contains { $0["text"] == .string("X😀") && $0["marks"] == .array([.object(["type": .string("italic")])]) })
 45 |     try b.receive(a.changes()); #expect(a.document == b.document)

macro expansion #expect:1:76: warning: left side of nil coalescing operator '??' has non-optional type '[JSONValue]?', so the right side is never used
`- /Users/luca/Developer/block-editor/tests/BlockEditorAppleTests/WritingNativeClipboardTests.swift:43:87: note: expanded code originates here
 41 |     #expect(view.string == "A東京X😀TASKBR")
 42 |     #expect(view.selectedRange() == NSRange(location: 10, length: 0))
 43 |     #expect((a.document.blocks[0].fields["content"]?.array ?? []).contains(reference))
    |     `- note: in expansion of macro 'expect' here
    +--- macro expansion #expect ---------------------------------------
    |1 | Testing.__checkFunctionCall((a.document.blocks[0].fields["content"]?.array ?? []).self,calling: {
    |  |                                                                            `- warning: left side of nil coalescing operator '??' has non-optional type '[JSONValue]?', so the right side is never used
    |2 |   $0?.contains($1)
    |3 | },reference,expression: .__fromFunctionCall(.__fromSyntaxNode(#"(a.document.blocks[0].fields["content"]?.array ?? [])"#),"contains",(nil,.__fromSyntaxNode("reference"))),comments: [],isRequired: false,sourceLocation: Testing.SourceLocation.__here()).__expected()
    +-------------------------------------------------------------------
 44 |     #expect((a.document.blocks[0].fields["content"]?.array ?? []).contains { $0["text"] == .string("X😀") && $0["marks"] == .array([.object(["type": .string("italic")])]) })
 45 |     try b.receive(a.changes()); #expect(a.document == b.document)

[#NoUsage]: <https://docs.swift.org/compiler/documentation/diagnostics/no-usage>
[150 / 156] BlockEditorAppleTests-product
[152 / 157] BlockEditorCoreTests-product
[156 / 160] BlockEditorCoreTests-product
[161 / 161] block-editor-wasm-product
[171 / 171] local-editor-app-product
Build complete! (10.63 sec)
◇ Test run started.
↳ Testing Library Version: 2084
↳ Target Platform: arm64e-apple-macos14.0
◇ Suite ModernProjectionTests started.
◇ Suite ModernBridgeTests started.
◇ Suite ModernDocumentTests started.
◇ Suite ModernStructureTests started.
◇ Test documentTitleHasAnExplicitOriginOutsideBodyAndConsumerIDs() started.
◇ Suite ModernSessionTests started.
◇ Test legacyWritingProtocolsRejectDocumentOriginsWithoutAcknowledging(_:) started.
◇ Test titleReplayAndAuthorDeactivationKeepPeerTextAndBodyIndependent() started.
◇ Test localPolicyAndCompositionReturnUnchangedUnavailableAndPreservePeerRichContent() started.
◇ Test nestedColumnsRejectEvenThroughToggleDescendantsButIndependentLayoutsRemainValid() started.
◇ Test allIndependentModernSnapshotsKeepExactJSONThroughSharedProjection() started.
◇ Test explicitNewDocumentDefaultsDoNotSilentlyUpgradeMissingWireFields() started.
◇ Test titleRejectsLineBreaksWithoutConsumingBody(_:) started.
◇ Test twoColumnsKeepScopedChildOriginsAndLogicalAddressOrder() started.
◇ Test legacyEntryPointsHandleCollisionsAndMalformedModernRequestsDoNotPromoteOrMutate() started.
◇ Test legacyStructuralProtocolRejectsDocumentOriginMutationAtomically() started.
◇ Test capturedFormattingPreservesDirectionAndLeavesUnobservedPeerAtomsUnformatted() started.
◇ Test heldPacketsExportRestoreAndReleaseWithoutPrematureReceipts() started.
◇ Test modernSnapshotDoesNotBroadenLegacyMarkOrSessionAdmission() started.
◇ Test capturedBackwardReplacementPreservesPeerInsertionThroughTheBridge() started.
◇ Test opaqueNumbersCannotSilentlyRoundDuringAdmission(_:) started.
◇ Test independentSnapshotsRetainEveryAdmittedFieldAndCanonicalRoundTrip() started.
◇ Test exactTwoContainersAndScopedIdentitiesAreRequired() started.
◇ Test splitRejectsInvalidBoundsAndNonintegerValues(_:) started.
◇ Test existingLimitsAndOpaqueMetadataArePreserved() started.
◇ Test explicitModernEndpointsReturnCheckedTransactionsFocusAndSavedAuthorHistory() started.
◇ Test exactNumericRoundTripsAllowCanonicalDecimalSpelling(_:) started.
◇ Test case passing 1 argument version → 3 to legacyWritingProtocolsRejectDocumentOriginsWithoutAcknowledging(_:) started.
◇ Test duplicateRawKeysIncludingEscapedKeysRejectBeforeSemanticAdmission() started.
◇ Test case passing 1 argument version → 5 to legacyWritingProtocolsRejectDocumentOriginsWithoutAcknowledging(_:) started.
◇ Test appearanceAndPaletteRejectUnrecognizedPresetsAndRoles() started.
◇ Test case passing 1 argument version → 4 to legacyWritingProtocolsRejectDocumentOriginsWithoutAcknowledging(_:) started.
◇ Test case passing 1 argument title → "a
b" to titleRejectsLineBreaksWithoutConsumingBody(_:) started.
◇ Test case passing 1 argument title → "a
b" to titleRejectsLineBreaksWithoutConsumingBody(_:) started.
◇ Test case passing 1 argument version → 6 to legacyWritingProtocolsRejectDocumentOriginsWithoutAcknowledging(_:) started.
◇ Test case passing 1 argument title → "ab" to titleRejectsLineBreaksWithoutConsumingBody(_:) started.
◇ Test case passing 1 argument title → "a b" to titleRejectsLineBreaksWithoutConsumingBody(_:) started.
◇ Test case passing 1 argument title → "a b" to titleRejectsLineBreaksWithoutConsumingBody(_:) started.
◇ Test concurrentScopedLabelConflictRetainsUnionAndAuthorRepairKeepsPeerBirth() started.
◇ Test insertionUndoWithoutPeerWorkHidesBirthButDoesNotReuseOrigin() started.
◇ Test deletionRetainsPeerHistoryAndStaleTargetsCannotHitReusedLabels() started.
◇ Test insertedBodyFieldsShareTitleHistoryPeerUndoAndReopen() started.
◇ Test semanticInsertionsAndObservedSubtreeDeletionRetainNestedOriginsThroughUndo() started.
◇ Test invalidStructuralCommandsAreAtomicAndPolicyDoesNotStripPeerContent() started.
◇ Test independentInsertionsAndMovesConvergeInEitherReceiveOrder() started.
◇ Test columnMovesKeepScopedOriginsCaretPeerTextAndOneAuthorUndo() started.
◇ Test incrementalInsertedFieldPacketBeforeBirthRetainsRecoveryThenConverges() started.
◇ Test forgedStructuralAndUnobservedInsertedTextPacketsNeverAcknowledge() started.
◇ Test callbacksObserveFinalHistoryAndCannotReenterPublication() started.
◇ Test independentTitleAppearanceFixturesPassSharedSessionPeerUndoRedoAndReopen() started.
◇ Test invalidDeferredPacketRemainsExportableAndQueueLimitDoesNotAcknowledge() started.
◇ Test mismatchedScopeUnsupportedFormatDuplicateKeysAndLossyNumbersRejectUnchanged() started.
◇ Test bodyFieldsInsideColumnsRemainDistinctAndLiteralAtomsRejectRichMarks() started.
◇ Test missingCausalPacketIsSeparatelyRecoverableWithoutReceiptThenAcceptsUnion() started.
◇ Test unobservedReferencesDuplicateBirthsCrossFieldRoutesAndForeignUndoReject() started.
◇ Test packetCountRawBytesAndHeldBytesUseIndependentLimitsWithoutReceipt() started.
◇ Test noopsAndFailedCommandsPreserveAcceptedHistoryAndCompositionEndsTypingGroup() started.
◇ Test anchoredBackwardRangeRetainsUnobservedPeerTextAndUnicodeCaret() started.
◇ Test malformedPlainTitleAndInactiveTransactionsNeverAcknowledge(_:) started.
◇ Test typingGroupUndoRetainsPeerAtomsAndHistoryOrderAcrossReopen() started.
◇ Test malformedOperationWithMissingDependencyRejectsInsteadOfCreatingRecovery() started.
◇ Test compositionHoldPreservesLocalDraftBoundaryQueuesNoReceiptAndReleasesOnce() started.
◇ Test schemaUnionRecoveryRetainsBothAuthorsAndRepairDisablesOnlyOwnEdit() started.
◇ Test unknownWireFieldsAndMalformedSavedHistoryRejectRatherThanDisappear() started.
◇ Test independentAppearanceRegistersAndSameFieldWinsConvergeAcrossOrder(_:) started.
◇ Test case passing 1 argument literal → "9007199254740993" to opaqueNumbersCannotSilentlyRoundDuringAdmission(_:) started.
◇ Test case passing 1 argument split → 999.0 to splitRejectsInvalidBoundsAndNonintegerValues(_:) started.
◇ Test case passing 1 argument split → 9001.0 to splitRejectsInvalidBoundsAndNonintegerValues(_:) started.
◇ Test case passing 1 argument literal → "1.000000000000000000001" to opaqueNumbersCannotSilentlyRoundDuringAdmission(_:) started.
◇ Test case passing 1 argument split → 5000.5 to splitRejectsInvalidBoundsAndNonintegerValues(_:) started.
✘ Test explicitModernEndpointsReturnCheckedTransactionsFocusAndSavedAuthorHistory() recorded an issue at ModernBridgeTests.swift:42:9: Expectation failed: capabilities["commands"]?.array?.count == 6
↳ capabilities["commands"]?.array?.count == 6 → false
↳   capabilities["commands"]?.array?.count → 9
↳     some → 9
↳     some → 6
◇ Test case passing 1 argument literal → "1e-400" to opaqueNumbersCannotSilentlyRoundDuringAdmission(_:) started.
◇ Test case passing 1 argument literal → "9007199254740992" to exactNumericRoundTripsAllowCanonicalDecimalSpelling(_:) started.
◇ Test case passing 1 argument literal → "0.1" to exactNumericRoundTripsAllowCanonicalDecimalSpelling(_:) started.
◇ Test case passing 1 argument literal → "100e-2" to exactNumericRoundTripsAllowCanonicalDecimalSpelling(_:) started.
◇ Test case passing 1 argument split → inf to splitRejectsInvalidBoundsAndNonintegerValues(_:) started.
◇ Test case passing 1 argument literal → "1.00" to exactNumericRoundTripsAllowCanonicalDecimalSpelling(_:) started.
◇ Test case passing 1 argument split → nan to splitRejectsInvalidBoundsAndNonintegerValues(_:) started.
◇ Test case passing 1 argument literal → "-0.0" to exactNumericRoundTripsAllowCanonicalDecimalSpelling(_:) started.
✔ Test explicitNewDocumentDefaultsDoNotSilentlyUpgradeMissingWireFields() passed after 0.044 seconds.
✔ Test titleRejectsLineBreaksWithoutConsumingBody(_:) with 5 test cases passed after 0.044 seconds.
✔ Test documentTitleHasAnExplicitOriginOutsideBodyAndConsumerIDs() passed after 0.044 seconds.
✔ Test legacyStructuralProtocolRejectsDocumentOriginMutationAtomically() passed after 0.064 seconds.
✔ Test legacyWritingProtocolsRejectDocumentOriginsWithoutAcknowledging(_:) with 4 test cases passed after 0.074 seconds.
◇ Test case passing 1 argument inactive → false to malformedPlainTitleAndInactiveTransactionsNeverAcknowledge(_:) started.
◇ Test case passing 1 argument inactive → true to malformedPlainTitleAndInactiveTransactionsNeverAcknowledge(_:) started.
◇ Test case passing 1 argument reverse → false to independentAppearanceRegistersAndSameFieldWinsConvergeAcrossOrder(_:) started.
◇ Test case passing 1 argument reverse → true to independentAppearanceRegistersAndSameFieldWinsConvergeAcrossOrder(_:) started.
✔ Test twoColumnsKeepScopedChildOriginsAndLogicalAddressOrder() passed after 0.123 seconds.
✔ Test opaqueNumbersCannotSilentlyRoundDuringAdmission(_:) with 3 test cases passed after 0.123 seconds.
✔ Test titleReplayAndAuthorDeactivationKeepPeerTextAndBodyIndependent() passed after 0.123 seconds.
✔ Test modernSnapshotDoesNotBroadenLegacyMarkOrSessionAdmission() passed after 0.123 seconds.
✔ Test legacyEntryPointsHandleCollisionsAndMalformedModernRequestsDoNotPromoteOrMutate() passed after 0.123 seconds.
✔ Test duplicateRawKeysIncludingEscapedKeysRejectBeforeSemanticAdmission() passed after 0.123 seconds.
✔ Test exactNumericRoundTripsAllowCanonicalDecimalSpelling(_:) with 5 test cases passed after 0.123 seconds.
✔ Test appearanceAndPaletteRejectUnrecognizedPresetsAndRoles() passed after 0.123 seconds.
✔ Test splitRejectsInvalidBoundsAndNonintegerValues(_:) with 5 test cases passed after 0.123 seconds.
✔ Test exactTwoContainersAndScopedIdentitiesAreRequired() passed after 0.123 seconds.
✔ Test nestedColumnsRejectEvenThroughToggleDescendantsButIndependentLayoutsRemainValid() passed after 0.123 seconds.
✔ Test insertionUndoWithoutPeerWorkHidesBirthButDoesNotReuseOrigin() passed after 0.120 seconds.
✔ Test localPolicyAndCompositionReturnUnchangedUnavailableAndPreservePeerRichContent() passed after 0.123 seconds.
✔ Test capturedFormattingPreservesDirectionAndLeavesUnobservedPeerAtomsUnformatted() passed after 0.123 seconds.
✔ Test deletionRetainsPeerHistoryAndStaleTargetsCannotHitReusedLabels() passed after 0.120 seconds.
✔ Test semanticInsertionsAndObservedSubtreeDeletionRetainNestedOriginsThroughUndo() passed after 0.120 seconds.
✔ Test invalidStructuralCommandsAreAtomicAndPolicyDoesNotStripPeerContent() passed after 0.120 seconds.
✔ Test callbacksObserveFinalHistoryAndCannotReenterPublication() passed after 0.119 seconds.
✔ Test forgedStructuralAndUnobservedInsertedTextPacketsNeverAcknowledge() passed after 0.120 seconds.
✔ Test concurrentScopedLabelConflictRetainsUnionAndAuthorRepairKeepsPeerBirth() passed after 0.120 seconds.
✔ Test independentInsertionsAndMovesConvergeInEitherReceiveOrder() passed after 0.120 seconds.
✔ Test mismatchedScopeUnsupportedFormatDuplicateKeysAndLossyNumbersRejectUnchanged() passed after 0.119 seconds.
✔ Test incrementalInsertedFieldPacketBeforeBirthRetainsRecoveryThenConverges() passed after 0.120 seconds.
✔ Test unobservedReferencesDuplicateBirthsCrossFieldRoutesAndForeignUndoReject() passed after 0.118 seconds.
✔ Test missingCausalPacketIsSeparatelyRecoverableWithoutReceiptThenAcceptsUnion() passed after 0.118 seconds.
✔ Test capturedBackwardReplacementPreservesPeerInsertionThroughTheBridge() passed after 0.123 seconds.
✔ Test malformedPlainTitleAndInactiveTransactionsNeverAcknowledge(_:) with 2 test cases passed after 0.118 seconds.
✔ Test heldPacketsExportRestoreAndReleaseWithoutPrematureReceipts() passed after 0.123 seconds.
✔ Test noopsAndFailedCommandsPreserveAcceptedHistoryAndCompositionEndsTypingGroup() passed after 0.118 seconds.
✔ Test malformedOperationWithMissingDependencyRejectsInsteadOfCreatingRecovery() passed after 0.118 seconds.
✔ Test columnMovesKeepScopedOriginsCaretPeerTextAndOneAuthorUndo() passed after 0.120 seconds.
✔ Test anchoredBackwardRangeRetainsUnobservedPeerTextAndUnicodeCaret() passed after 0.118 seconds.
✘ Test explicitModernEndpointsReturnCheckedTransactionsFocusAndSavedAuthorHistory() failed after 0.123 seconds with 1 issue.
✘ Suite ModernBridgeTests failed after 0.124 seconds with 1 issue.
✔ Test independentAppearanceRegistersAndSameFieldWinsConvergeAcrossOrder(_:) with 2 test cases passed after 0.121 seconds.
✔ Test invalidDeferredPacketRemainsExportableAndQueueLimitDoesNotAcknowledge() passed after 0.126 seconds.
✔ Test unknownWireFieldsAndMalformedSavedHistoryRejectRatherThanDisappear() passed after 0.133 seconds.
✔ Test insertedBodyFieldsShareTitleHistoryPeerUndoAndReopen() passed after 0.136 seconds.
✔ Suite ModernStructureTests passed after 0.140 seconds.
✔ Test schemaUnionRecoveryRetainsBothAuthorsAndRepairDisablesOnlyOwnEdit() passed after 0.139 seconds.
✔ Test compositionHoldPreservesLocalDraftBoundaryQueuesNoReceiptAndReleasesOnce() passed after 0.143 seconds.
✔ Test typingGroupUndoRetainsPeerAtomsAndHistoryOrderAcrossReopen() passed after 0.159 seconds.
✔ Test independentTitleAppearanceFixturesPassSharedSessionPeerUndoRedoAndReopen() passed after 0.203 seconds.
✔ Test existingLimitsAndOpaqueMetadataArePreserved() passed after 0.343 seconds.
✔ Test packetCountRawBytesAndHeldBytesUseIndependentLimitsWithoutReceipt() passed after 0.731 seconds.
✔ Test independentSnapshotsRetainEveryAdmittedFieldAndCanonicalRoundTrip() passed after 1.050 seconds.
✔ Suite ModernDocumentTests passed after 1.050 seconds.
✔ Test bodyFieldsInsideColumnsRemainDistinctAndLiteralAtomsRejectRichMarks() passed after 1.439 seconds.
✔ Suite ModernSessionTests passed after 1.444 seconds.
✔ Test allIndependentModernSnapshotsKeepExactJSONThroughSharedProjection() passed after 8.880 seconds.
✔ Suite ModernProjectionTests passed after 8.880 seconds.
✘ Test run with 51 tests in 5 suites failed after 8.880 seconds with 1 issue.
Note: Some test targets reported failures:
  - BlockEditorCoreTests (Swift Testing)
